ERROR - 2026-09-14 12:28:46 --> Error connecting to the database: mysqli_sql_exception: Access denied for user ''@'localhost' (using password: NO) in Z:\website\sindakv2\sourceCode\system\Database\MySQLi\Connection.php:201
Stack trace:
#0 Z:\website\sindakv2\sourceCode\system\Database\MySQLi\Connection.php(201): mysqli->real_connect('localhost', '', Object(SensitiveParameterValue), '', 3306, '', 0)
#1 Z:\website\sindakv2\sourceCode\system\Database\BaseConnection.php(555): CodeIgniter\Database\MySQLi\Connection->connect(false)
#2 Z:\website\sindakv2\sourceCode\system\Database\BaseConnection.php(795): CodeIgniter\Database\BaseConnection->initialize()
#3 Z:\website\sindakv2\sourceCode\system\Database\BaseConnection.php(1706): CodeIgniter\Database\BaseConnection->query('SHOW TABLES FRO...')
#4 Z:\website\sindakv2\sourceCode\system\Database\BaseConnection.php(1726): CodeIgniter\Database\BaseConnection->listTables()
#5 Z:\website\sindakv2\sourceCode\system\Database\MigrationRunner.php(821): CodeIgniter\Database\BaseConnection->tableExists('migrations')
#6 Z:\website\sindakv2\sourceCode\system\Database\MigrationRunner.php(173): CodeIgniter\Database\MigrationRunner->ensureTable()
#7 Z:\website\sindakv2\sourceCode\system\Commands\Database\Migrate.php(89): CodeIgniter\Database\MigrationRunner->latest(NULL)
#8 Z:\website\sindakv2\sourceCode\system\CLI\SignalTrait.php(245): CodeIgniter\Commands\Database\Migrate::CodeIgniter\Commands\Database\{closure}()
#9 Z:\website\sindakv2\sourceCode\system\Commands\Database\Migrate.php(88): CodeIgniter\Commands\Database\Migrate->withSignalsBlocked(Object(Closure))
#10 Z:\website\sindakv2\sourceCode\system\CLI\Commands.php(72): CodeIgniter\Commands\Database\Migrate->run(Array)
#11 Z:\website\sindakv2\sourceCode\system\CLI\Console.php(47): CodeIgniter\CLI\Commands->run('migrate', Array)
#12 Z:\website\sindakv2\sourceCode\system\Boot.php(444): CodeIgniter\CLI\Console->run()
#13 Z:\website\sindakv2\sourceCode\system\Boot.php(166): CodeIgniter\Boot::runCommand(Object(CodeIgniter\CLI\Console))
#14 Z:\website\sindakv2\sourceCode\spark(87): CodeIgniter\Boot::bootSpark(Object(Config\Paths))
#15 {main}

Next CodeIgniter\Database\Exceptions\DatabaseException: Access denied for user ''@'localhost' (using password: NO) in Z:\website\sindakv2\sourceCode\system\Database\MySQLi\Connection.php:231
Stack trace:
#0 Z:\website\sindakv2\sourceCode\system\Database\BaseConnection.php(555): CodeIgniter\Database\MySQLi\Connection->connect(false)
#1 Z:\website\sindakv2\sourceCode\system\Database\BaseConnection.php(795): CodeIgniter\Database\BaseConnection->initialize()
#2 Z:\website\sindakv2\sourceCode\system\Database\BaseConnection.php(1706): CodeIgniter\Database\BaseConnection->query('SHOW TABLES FRO...')
#3 Z:\website\sindakv2\sourceCode\system\Database\BaseConnection.php(1726): CodeIgniter\Database\BaseConnection->listTables()
#4 Z:\website\sindakv2\sourceCode\system\Database\MigrationRunner.php(821): CodeIgniter\Database\BaseConnection->tableExists('migrations')
#5 Z:\website\sindakv2\sourceCode\system\Database\MigrationRunner.php(173): CodeIgniter\Database\MigrationRunner->ensureTable()
#6 Z:\website\sindakv2\sourceCode\system\Commands\Database\Migrate.php(89): CodeIgniter\Database\MigrationRunner->latest(NULL)
#7 Z:\website\sindakv2\sourceCode\system\CLI\SignalTrait.php(245): CodeIgniter\Commands\Database\Migrate::CodeIgniter\Commands\Database\{closure}()
#8 Z:\website\sindakv2\sourceCode\system\Commands\Database\Migrate.php(88): CodeIgniter\Commands\Database\Migrate->withSignalsBlocked(Object(Closure))
#9 Z:\website\sindakv2\sourceCode\system\CLI\Commands.php(72): CodeIgniter\Commands\Database\Migrate->run(Array)
#10 Z:\website\sindakv2\sourceCode\system\CLI\Console.php(47): CodeIgniter\CLI\Commands->run('migrate', Array)
#11 Z:\website\sindakv2\sourceCode\system\Boot.php(444): CodeIgniter\CLI\Console->run()
#12 Z:\website\sindakv2\sourceCode\system\Boot.php(166): CodeIgniter\Boot::runCommand(Object(CodeIgniter\CLI\Console))
#13 Z:\website\sindakv2\sourceCode\spark(87): CodeIgniter\Boot::bootSpark(Object(Config\Paths))
#14 {main}
